// Jest Snapshot v1, https://goo.gl/fbAQLP

exports[`Characters Component renders Characters 1`] = `
<Cards
  items={Array []}
/>
`;
