// Jest Snapshot v1, https://goo.gl/fbAQLP

exports[`App component renders App 1`] = `
<Fragment>
  <Deck>
    <Characters
      count={10}
    />
  </Deck>
  <Deck>
    <Gifs
      count={10}
    />
  </Deck>
</Fragment>
`;
