// Jest Snapshot v1, https://goo.gl/fbAQLP

exports[`Deck Component renders a deck 1`] = `
<section>
  <Characters
    count={10}
    items={
      Array [
        Object {
          "_id": "5da237699734fdcb7bef8f51",
          "image": "https://vignette.wikia.nocookie.net/heyarnold/images/f/f5/Arnold.png/revision/latest?cb=20181027162333",
          "name": "Arnold Shortman",
        },
      ]
    }
  />
</section>
`;
